// Jest Snapshot v1, https://goo.gl/fbAQLP

exports[`<LoginController /> Check Initial Case 1`] = `
<View
  style={
    Object {
      "flex": 1,
      "flexDirection": "column",
      "justifyContent": "flex-start",
    }
  }
>
  <View
    accessibilityIgnoresInvertColors={true}
    style={
      Object {
        "flex": 1,
        "justifyContent": "center",
      }
    }
  >
    <Image
      resizeMode="cover"
      source={
        Object {
          "uri": "https://previews.123rf.com/images/chagin/chagin1501/chagin150100001/35151812-business-people-working-together.jpg",
        }
      }
      style={
        Array [
          Object {
            "bottom": 0,
            "left": 0,
            "position": "absolute",
            "right": 0,
            "top": 0,
          },
          Object {
            "height": undefined,
            "width": undefined,
          },
          undefined,
        ]
      }
    />
    <View
      style={
        Object {
          "backgroundColor": "rgba(0,0,0,0.6)",
          "flex": 1,
          "paddingBottom": 30,
          "paddingTop": 40,
        }
      }
    >
      <View
        onLayout={[Function]}
        style={
          Array [
            Object {
              "flex": 1,
            },
            Object {
              "paddingBottom": 0,
            },
          ]
        }
      >
        <View
          style={
            Object {
              "alignContent": "center",
              "flex": 3,
              "justifyContent": "center",
            }
          }
        >
          <Text
            style={
              Object {
                "color": "red",
                "fontSize": 40,
                "fontWeight": "bold",
                "margin": 20,
                "textAlign": "center",
              }
            }
          >
            RH App
          </Text>
        </View>
        <View
          style={
            Object {
              "flex": 4,
              "flexDirection": "column",
              "justifyContent": "center",
            }
          }
        >
          <View
            style={
              Object {
                "backgroundColor": "rgba(255,255,255,0.8)",
                "borderColor": "red",
                "borderRadius": 15,
                "borderWidth": 1,
                "margin": 35,
                "padding": 20,
              }
            }
          >
            <View>
              <View
                style={
                  Object {
                    "paddingHorizontal": 10,
                    "width": "100%",
                  }
                }
              >
                <Text
                  style={
                    Object {
                      "color": "#86939e",
                      "fontSize": 16,
                      "fontWeight": "bold",
                    }
                  }
                >
                  E-mail
                </Text>
                <View
                  style={
                    Object {
                      "alignItems": "center",
                      "borderBottomWidth": 1,
                      "borderColor": "#86939e",
                      "flexDirection": "row",
                      "transform": Array [
                        Object {
                          "translateX": 0,
                        },
                      ],
                    }
                  }
                >
                  <View
                    style={
                      Object {
                        "alignItems": "center",
                        "height": 40,
                        "justifyContent": "center",
                        "marginVertical": 4,
                        "paddingRight": 4,
                      }
                    }
                  >
                    <View
                      style={
                        Object {
                          "overflow": "hidden",
                        }
                      }
                    >
                      <View>
                        <View
                          style={
                            Object {
                              "alignItems": "center",
                              "backgroundColor": "transparent",
                              "justifyContent": "center",
                            }
                          }
                        >
                          <Text />
                        </View>
                      </View>
                    </View>
                  </View>
                  <TextInput
                    allowFontScaling={true}
                    editable={true}
                    id={1}
                    onChangeText={[Function]}
                    onSubmitEditing={[Function]}
                    placeholder="E-mail"
                    placeholderTextColor="#86939e"
                    rejectResponderTermination={true}
                    secureTextEntry={false}
                    style={
                      Object {
                        "color": "#242424",
                        "flex": 1,
                        "fontSize": 18,
                        "minHeight": 40,
                      }
                    }
                    testID="RNE__Input__text-input"
                    underlineColorAndroid="transparent"
                  />
                </View>
                <Text
                  style={
                    Object {
                      "color": "#ff190c",
                      "fontSize": 12,
                      "margin": 5,
                    }
                  }
                />
              </View>
              <View
                style={
                  Object {
                    "paddingHorizontal": 10,
                    "width": "100%",
                  }
                }
              >
                <Text
                  style={
                    Object {
                      "color": "#86939e",
                      "fontSize": 16,
                      "fontWeight": "bold",
                    }
                  }
                >
                  Senha
                </Text>
                <View
                  style={
                    Object {
                      "alignItems": "center",
                      "borderBottomWidth": 1,
                      "borderColor": "#86939e",
                      "flexDirection": "row",
                      "transform": Array [
                        Object {
                          "translateX": 0,
                        },
                      ],
                    }
                  }
                >
                  <View
                    style={
                      Object {
                        "alignItems": "center",
                        "height": 40,
                        "justifyContent": "center",
                        "marginVertical": 4,
                        "paddingRight": 4,
                      }
                    }
                  >
                    <View
                      style={
                        Object {
                          "overflow": "hidden",
                        }
                      }
                    >
                      <View>
                        <View
                          style={
                            Object {
                              "alignItems": "center",
                              "backgroundColor": "transparent",
                              "justifyContent": "center",
                            }
                          }
                        >
                          <Text />
                        </View>
                      </View>
                    </View>
                  </View>
                  <TextInput
                    allowFontScaling={true}
                    editable={true}
                    id={1}
                    onChangeText={[Function]}
                    onSubmitEditing={[Function]}
                    placeholder="Senha"
                    placeholderTextColor="#86939e"
                    rejectResponderTermination={true}
                    secureTextEntry={true}
                    style={
                      Object {
                        "color": "#242424",
                        "flex": 1,
                        "fontSize": 18,
                        "minHeight": 40,
                      }
                    }
                    testID="RNE__Input__text-input"
                    underlineColorAndroid="transparent"
                  />
                </View>
                <Text
                  style={
                    Object {
                      "color": "#ff190c",
                      "fontSize": 12,
                      "margin": 5,
                    }
                  }
                />
              </View>
              <View
                style={
                  Object {
                    "marginBottom": 20,
                  }
                }
              />
            </View>
            <View
              style={
                Object {
                  "flexDirection": "row",
                  "height": 60,
                  "justifyContent": "space-evenly",
                }
              }
            >
              <View
                style={
                  Array [
                    Object {
                      "borderRadius": 3,
                      "overflow": "hidden",
                    },
                    Object {
                      "borderRadius": 3,
                    },
                    Object {
                      "flex": 1,
                      "marginHorizontal": 20,
                      "marginVertical": 10,
                    },
                    false,
                  ]
                }
              >
                <View
                  accessibilityRole="button"
                  accessibilityState={
                    Object {
                      "busy": false,
                      "disabled": false,
                    }
                  }
                  accessible={true}
                  focusable={true}
                  onClick={[Function]}
                  onResponderGrant={[Function]}
                  onResponderMove={[Function]}
                  onResponderRelease={[Function]}
                  onResponderTerminate={[Function]}
                  onResponderTerminationRequest={[Function]}
                  onStartShouldSetResponder={[Function]}
                  style={
                    Object {
                      "opacity": 1,
                    }
                  }
                  testID="loginButton"
                >
                  <View
                    style={
                      Object {
                        "alignItems": "center",
                        "backgroundColor": "red",
                        "borderColor": "#2089dc",
                        "borderRadius": 10,
                        "borderWidth": 0,
                        "flexDirection": "row",
                        "justifyContent": "center",
                        "padding": 8,
                      }
                    }
                  >
                    <Text
                      style={
                        Object {
                          "color": "white",
                          "fontSize": 18,
                          "paddingVertical": 1,
                          "textAlign": "center",
                        }
                      }
                    >
                      Login
                    </Text>
                  </View>
                </View>
              </View>
            </View>
            <View>
              <Text
                style={
                  Object {
                    "color": "#fa5757",
                    "fontSize": 13,
                    "fontWeight": "bold",
                    "textAlign": "center",
                  }
                }
              >
                Login com Sucesso
              </Text>
            </View>
          </View>
        </View>
      </View>
    </View>
  </View>
</View>
`;
