// Jest Snapshot v1, https://goo.gl/fbAQLP

exports[`<MyInfoController /> Check Initial Case 1`] = `
<RCTSafeAreaView
  emulateUnlessSupported={true}
  style={
    Object {
      "flex": 1,
      "flexDirection": "column",
      "justifyContent": "flex-start",
    }
  }
>
  <View
    onLayout={[Function]}
    style={
      Array [
        Object {
          "flex": 1,
          "flexDirection": "column",
          "justifyContent": "flex-start",
        },
        Object {
          "paddingBottom": 0,
        },
      ]
    }
  >
    <RCTScrollView>
      <View>
        <View
          style={
            Object {
              "flex": 1,
              "flexDirection": "column",
              "justifyContent": "flex-start",
            }
          }
        >
          <View
            accessible={true}
            focusable={true}
            onClick={[Function]}
            onResponderGrant={[Function]}
            onResponderMove={[Function]}
            onResponderRelease={[Function]}
            onResponderTerminate={[Function]}
            onResponderTerminationRequest={[Function]}
            onStartShouldSetResponder={[Function]}
            style={
              Object {
                "alignItems": "center",
                "flex": 1,
                "flexDirection": "column",
                "height": 200,
                "justifyContent": "center",
                "opacity": 1,
              }
            }
          >
            <View
              style={
                Object {
                  "backgroundColor": undefined,
                  "borderRadius": 50,
                  "height": 100,
                  "justifyContent": "center",
                  "width": 100,
                }
              }
            >
              <View
                style={
                  Object {
                    "overflow": "hidden",
                  }
                }
              >
                <View>
                  <View
                    style={
                      Object {
                        "alignItems": "center",
                        "backgroundColor": "transparent",
                        "justifyContent": "center",
                      }
                    }
                  >
                    <Text />
                  </View>
                </View>
              </View>
            </View>
            <Text
              style={
                Object {
                  "color": "#242424",
                  "fontSize": 12,
                  "marginTop": 10,
                }
              }
            >
              Alterar Foto
            </Text>
          </View>
          <View
            style={
              Object {
                "flex": 2,
              }
            }
          >
            <View>
              <View
                style={
                  Object {
                    "paddingHorizontal": 10,
                    "width": "100%",
                  }
                }
              >
                <Text
                  style={
                    Object {
                      "color": "#86939e",
                      "fontSize": 16,
                      "fontWeight": "bold",
                    }
                  }
                >
                  Nome
                </Text>
                <View
                  style={
                    Object {
                      "alignItems": "center",
                      "borderBottomWidth": 1,
                      "borderColor": "#86939e",
                      "flexDirection": "row",
                      "transform": Array [
                        Object {
                          "translateX": 0,
                        },
                      ],
                    }
                  }
                >
                  <View
                    style={
                      Object {
                        "alignItems": "center",
                        "height": 40,
                        "justifyContent": "center",
                        "marginVertical": 4,
                        "paddingRight": 4,
                      }
                    }
                  >
                    <View
                      style={
                        Object {
                          "overflow": "hidden",
                        }
                      }
                    >
                      <View>
                        <View
                          style={
                            Object {
                              "alignItems": "center",
                              "backgroundColor": "transparent",
                              "justifyContent": "center",
                            }
                          }
                        >
                          <Text />
                        </View>
                      </View>
                    </View>
                  </View>
                  <TextInput
                    allowFontScaling={true}
                    editable={true}
                    id={1}
                    onChangeText={[Function]}
                    onSubmitEditing={[Function]}
                    placeholder="Nome"
                    placeholderTextColor="#86939e"
                    rejectResponderTermination={true}
                    secureTextEntry={false}
                    style={
                      Object {
                        "color": "#242424",
                        "flex": 1,
                        "fontSize": 18,
                        "minHeight": 40,
                      }
                    }
                    testID="RNE__Input__text-input"
                    underlineColorAndroid="transparent"
                  />
                </View>
                <Text
                  style={
                    Object {
                      "color": "#ff190c",
                      "fontSize": 12,
                      "margin": 5,
                    }
                  }
                />
              </View>
              <View
                style={
                  Object {
                    "paddingHorizontal": 10,
                    "width": "100%",
                  }
                }
              >
                <Text
                  style={
                    Object {
                      "color": "#86939e",
                      "fontSize": 16,
                      "fontWeight": "bold",
                    }
                  }
                >
                  E-mail
                </Text>
                <View
                  style={
                    Object {
                      "alignItems": "center",
                      "borderBottomWidth": 1,
                      "borderColor": "#86939e",
                      "flexDirection": "row",
                      "transform": Array [
                        Object {
                          "translateX": 0,
                        },
                      ],
                    }
                  }
                >
                  <View
                    style={
                      Object {
                        "alignItems": "center",
                        "height": 40,
                        "justifyContent": "center",
                        "marginVertical": 4,
                        "paddingRight": 4,
                      }
                    }
                  >
                    <View
                      style={
                        Object {
                          "overflow": "hidden",
                        }
                      }
                    >
                      <View>
                        <View
                          style={
                            Object {
                              "alignItems": "center",
                              "backgroundColor": "transparent",
                              "justifyContent": "center",
                            }
                          }
                        >
                          <Text />
                        </View>
                      </View>
                    </View>
                  </View>
                  <TextInput
                    allowFontScaling={true}
                    editable={true}
                    id={1}
                    onChangeText={[Function]}
                    onSubmitEditing={[Function]}
                    placeholder="E-mail"
                    placeholderTextColor="#86939e"
                    rejectResponderTermination={true}
                    secureTextEntry={false}
                    style={
                      Object {
                        "color": "#242424",
                        "flex": 1,
                        "fontSize": 18,
                        "minHeight": 40,
                      }
                    }
                    testID="RNE__Input__text-input"
                    underlineColorAndroid="transparent"
                  />
                </View>
                <Text
                  style={
                    Object {
                      "color": "#ff190c",
                      "fontSize": 12,
                      "margin": 5,
                    }
                  }
                />
              </View>
              <View
                style={
                  Object {
                    "paddingHorizontal": 10,
                    "width": "100%",
                  }
                }
              >
                <Text
                  style={
                    Object {
                      "color": "#86939e",
                      "fontSize": 16,
                      "fontWeight": "bold",
                    }
                  }
                >
                  Senha
                </Text>
                <View
                  style={
                    Object {
                      "alignItems": "center",
                      "borderBottomWidth": 1,
                      "borderColor": "#86939e",
                      "flexDirection": "row",
                      "transform": Array [
                        Object {
                          "translateX": 0,
                        },
                      ],
                    }
                  }
                >
                  <View
                    style={
                      Object {
                        "alignItems": "center",
                        "height": 40,
                        "justifyContent": "center",
                        "marginVertical": 4,
                        "paddingRight": 4,
                      }
                    }
                  >
                    <View
                      style={
                        Object {
                          "overflow": "hidden",
                        }
                      }
                    >
                      <View>
                        <View
                          style={
                            Object {
                              "alignItems": "center",
                              "backgroundColor": "transparent",
                              "justifyContent": "center",
                            }
                          }
                        >
                          <Text />
                        </View>
                      </View>
                    </View>
                  </View>
                  <TextInput
                    allowFontScaling={true}
                    editable={true}
                    id={1}
                    onChangeText={[Function]}
                    onSubmitEditing={[Function]}
                    placeholder="Senha"
                    placeholderTextColor="#86939e"
                    rejectResponderTermination={true}
                    secureTextEntry={true}
                    style={
                      Object {
                        "color": "#242424",
                        "flex": 1,
                        "fontSize": 18,
                        "minHeight": 40,
                      }
                    }
                    testID="RNE__Input__text-input"
                    underlineColorAndroid="transparent"
                  />
                </View>
                <Text
                  style={
                    Object {
                      "color": "#ff190c",
                      "fontSize": 12,
                      "margin": 5,
                    }
                  }
                />
              </View>
              <View
                style={
                  Object {
                    "paddingHorizontal": 10,
                    "width": "100%",
                  }
                }
              >
                <Text
                  style={
                    Object {
                      "color": "#86939e",
                      "fontSize": 16,
                      "fontWeight": "bold",
                    }
                  }
                >
                  Confirmar senha
                </Text>
                <View
                  style={
                    Object {
                      "alignItems": "center",
                      "borderBottomWidth": 1,
                      "borderColor": "#86939e",
                      "flexDirection": "row",
                      "transform": Array [
                        Object {
                          "translateX": 0,
                        },
                      ],
                    }
                  }
                >
                  <View
                    style={
                      Object {
                        "alignItems": "center",
                        "height": 40,
                        "justifyContent": "center",
                        "marginVertical": 4,
                        "paddingRight": 4,
                      }
                    }
                  >
                    <View
                      style={
                        Object {
                          "overflow": "hidden",
                        }
                      }
                    >
                      <View>
                        <View
                          style={
                            Object {
                              "alignItems": "center",
                              "backgroundColor": "transparent",
                              "justifyContent": "center",
                            }
                          }
                        >
                          <Text />
                        </View>
                      </View>
                    </View>
                  </View>
                  <TextInput
                    allowFontScaling={true}
                    editable={true}
                    id={1}
                    onChangeText={[Function]}
                    onSubmitEditing={[Function]}
                    placeholder="Confirmar senha"
                    placeholderTextColor="#86939e"
                    rejectResponderTermination={true}
                    secureTextEntry={true}
                    style={
                      Object {
                        "color": "#242424",
                        "flex": 1,
                        "fontSize": 18,
                        "minHeight": 40,
                      }
                    }
                    testID="RNE__Input__text-input"
                    underlineColorAndroid="transparent"
                  />
                </View>
                <Text
                  style={
                    Object {
                      "color": "#ff190c",
                      "fontSize": 12,
                      "margin": 5,
                    }
                  }
                />
              </View>
              <View
                style={
                  Object {
                    "marginBottom": 20,
                  }
                }
              />
            </View>
          </View>
          <Modal
            animationType="slide"
            hardwareAccelerated={false}
            transparent={true}
            visible={false}
          >
            <RNCSafeAreaView
              style={
                Object {
                  "backgroundColor": "rgba(0,0,0,0.2)",
                  "flex": 1,
                  "flexDirection": "column-reverse",
                }
              }
              theme={
                Object {
                  "colors": Object {
                    "black": "#242424",
                    "disabled": "hsl(208, 8%, 90%)",
                    "divider": "#bcbbc1",
                    "error": "#ff190c",
                    "grey0": "#393e42",
                    "grey1": "#43484d",
                    "grey2": "#5e6977",
                    "grey3": "#86939e",
                    "grey4": "#bdc6cf",
                    "grey5": "#e1e8ee",
                    "greyOutline": "#bbb",
                    "platform": Object {
                      "android": Object {
                        "error": "#f44336",
                        "grey": "rgba(0, 0, 0, 0.54)",
                        "primary": "#2196f3",
                        "searchBg": "#dcdce1",
                        "secondary": "#9C27B0",
                        "success": "#4caf50",
                        "warning": "#ffeb3b",
                      },
                      "default": Object {
                        "error": "#ff3b30",
                        "grey": "#7d7d7d",
                        "primary": "#007aff",
                        "searchBg": "#dcdce1",
                        "secondary": "#5856d6",
                        "success": "#4cd964",
                        "warning": "#ffcc00",
                      },
                      "ios": Object {
                        "error": "#ff3b30",
                        "grey": "#7d7d7d",
                        "primary": "#007aff",
                        "searchBg": "#dcdce1",
                        "secondary": "#5856d6",
                        "success": "#4cd964",
                        "warning": "#ffcc00",
                      },
                      "web": Object {
                        "error": "#ff190c",
                        "grey": "#393e42",
                        "primary": "#2089dc",
                        "searchBg": "#303337",
                        "secondary": "#ca71eb",
                        "success": "#52c41a",
                        "warning": "#faad14",
                      },
                    },
                    "primary": "#2089dc",
                    "searchBg": "#303337",
                    "secondary": "#ca71eb",
                    "success": "#52c41a",
                    "warning": "#faad14",
                    "white": "#ffffff",
                  },
                }
              }
            >
              <View>
                <RCTScrollView>
                  <View>
                    <View>
                      <View
                        style={
                          Object {
                            "alignItems": "center",
                            "backgroundColor": "#ffffff",
                            "borderColor": "#bcbbc1",
                            "flexDirection": "row",
                            "padding": 14,
                          }
                        }
                        testID="padView"
                      >
                        <View
                          style={
                            Array [
                              Object {
                                "alignItems": "flex-start",
                                "flex": 1,
                                "justifyContent": "center",
                              },
                              undefined,
                            ]
                          }
                          theme={
                            Object {
                              "colors": Object {
                                "black": "#242424",
                                "disabled": "hsl(208, 8%, 90%)",
                                "divider": "#bcbbc1",
                                "error": "#ff190c",
                                "grey0": "#393e42",
                                "grey1": "#43484d",
                                "grey2": "#5e6977",
                                "grey3": "#86939e",
                                "grey4": "#bdc6cf",
                                "grey5": "#e1e8ee",
                                "greyOutline": "#bbb",
                                "platform": Object {
                                  "android": Object {
                                    "error": "#f44336",
                                    "grey": "rgba(0, 0, 0, 0.54)",
                                    "primary": "#2196f3",
                                    "searchBg": "#dcdce1",
                                    "secondary": "#9C27B0",
                                    "success": "#4caf50",
                                    "warning": "#ffeb3b",
                                  },
                                  "default": Object {
                                    "error": "#ff3b30",
                                    "grey": "#7d7d7d",
                                    "primary": "#007aff",
                                    "searchBg": "#dcdce1",
                                    "secondary": "#5856d6",
                                    "success": "#4cd964",
                                    "warning": "#ffcc00",
                                  },
                                  "ios": Object {
                                    "error": "#ff3b30",
                                    "grey": "#7d7d7d",
                                    "primary": "#007aff",
                                    "searchBg": "#dcdce1",
                                    "secondary": "#5856d6",
                                    "success": "#4cd964",
                                    "warning": "#ffcc00",
                                  },
                                  "web": Object {
                                    "error": "#ff190c",
                                    "grey": "#393e42",
                                    "primary": "#2089dc",
                                    "searchBg": "#303337",
                                    "secondary": "#ca71eb",
                                    "success": "#52c41a",
                                    "warning": "#faad14",
                                  },
                                },
                                "primary": "#2089dc",
                                "searchBg": "#303337",
                                "secondary": "#ca71eb",
                                "success": "#52c41a",
                                "warning": "#faad14",
                                "white": "#ffffff",
                              },
                            }
                          }
                        >
                          <Text
                            onPress={[Function]}
                            style={
                              Object {
                                "backgroundColor": "transparent",
                                "color": "#242424",
                                "fontSize": 17,
                                "margin": 15,
                              }
                            }
                            testID="listItemTitle"
                          >
                            <View
                              style={
                                Object {
                                  "alignItems": "center",
                                  "flexDirection": "row",
                                  "fontSize": 15,
                                  "justifyContent": "center",
                                }
                              }
                            >
                              <View
                                style={
                                  Object {
                                    "overflow": "hidden",
                                  }
                                }
                              >
                                <View
                                  style={
                                    Object {
                                      "marginRight": 10,
                                    }
                                  }
                                >
                                  <View
                                    style={
                                      Object {
                                        "alignItems": "center",
                                        "backgroundColor": "transparent",
                                        "justifyContent": "center",
                                      }
                                    }
                                  >
                                    <Text />
                                  </View>
                                </View>
                              </View>
                              <Text
                                style={
                                  Object {
                                    "color": "#242424",
                                  }
                                }
                              >
                                Biblioteca
                              </Text>
                            </View>
                          </Text>
                          <Text
                            onPress={[Function]}
                            style={
                              Object {
                                "backgroundColor": "transparent",
                                "color": "#242424",
                                "fontSize": 17,
                                "margin": 15,
                              }
                            }
                            testID="listItemTitle"
                          >
                            <View
                              style={
                                Object {
                                  "alignItems": "center",
                                  "flexDirection": "row",
                                  "fontSize": 15,
                                  "justifyContent": "center",
                                }
                              }
                            >
                              <View
                                style={
                                  Object {
                                    "overflow": "hidden",
                                  }
                                }
                              >
                                <View
                                  style={
                                    Object {
                                      "marginRight": 10,
                                    }
                                  }
                                >
                                  <View
                                    style={
                                      Object {
                                        "alignItems": "center",
                                        "backgroundColor": "transparent",
                                        "justifyContent": "center",
                                      }
                                    }
                                  >
                                    <Text />
                                  </View>
                                </View>
                              </View>
                              <Text
                                style={
                                  Object {
                                    "color": "#242424",
                                  }
                                }
                              >
                                Câmera
                              </Text>
                            </View>
                          </Text>
                          <Text
                            onPress={[Function]}
                            style={
                              Object {
                                "backgroundColor": "transparent",
                                "color": "#242424",
                                "fontSize": 15,
                                "margin": 15,
                              }
                            }
                            testID="listItemTitle"
                          >
                            <View
                              style={
                                Object {
                                  "alignItems": "center",
                                  "flexDirection": "row",
                                  "fontSize": 15,
                                  "justifyContent": "center",
                                }
                              }
                            >
                              <View
                                style={
                                  Object {
                                    "overflow": "hidden",
                                  }
                                }
                              >
                                <View
                                  style={
                                    Object {
                                      "marginRight": 10,
                                    }
                                  }
                                >
                                  <View
                                    style={
                                      Object {
                                        "alignItems": "center",
                                        "backgroundColor": "transparent",
                                        "justifyContent": "center",
                                      }
                                    }
                                  >
                                    <Text />
                                  </View>
                                </View>
                              </View>
                              <Text
                                style={
                                  Object {
                                    "color": "#fa5757",
                                  }
                                }
                              >
                                Cancelar
                              </Text>
                            </View>
                          </Text>
                        </View>
                      </View>
                    </View>
                  </View>
                </RCTScrollView>
              </View>
            </RNCSafeAreaView>
          </Modal>
        </View>
      </View>
    </RCTScrollView>
  </View>
  <View
    style={
      Object {
        "alignItems": "flex-end",
        "bottom": 30,
        "flexDirection": "row",
        "justifyContent": "flex-end",
        "position": "absolute",
        "right": 30,
      }
    }
  >
    <View
      style={
        Object {
          "alignItems": "center",
          "borderRadius": 28,
          "flexDirection": "row",
          "justifyContent": "center",
          "opacity": 1,
          "transform": Array [
            Object {
              "scale": 1,
            },
          ],
        }
      }
    >
      <View
        style={
          Array [
            Object {
              "borderRadius": 3,
              "overflow": "hidden",
            },
            Object {
              "borderRadius": 3,
            },
            Object {
              "borderRadius": 28,
              "elevation": 4,
            },
            false,
          ]
        }
      >
        <View
          accessibilityRole="button"
          accessibilityState={
            Object {
              "busy": false,
              "disabled": false,
            }
          }
          accessible={true}
          focusable={true}
          onClick={[Function]}
          onResponderGrant={[Function]}
          onResponderMove={[Function]}
          onResponderRelease={[Function]}
          onResponderTerminate={[Function]}
          onResponderTerminationRequest={[Function]}
          onStartShouldSetResponder={[Function]}
          style={
            Object {
              "opacity": 1,
            }
          }
          testID="saveButton"
        >
          <View
            style={
              Object {
                "alignItems": "center",
                "backgroundColor": "#fa5757",
                "borderColor": "#2089dc",
                "borderRadius": 3,
                "borderWidth": 0,
                "flexDirection": "row",
                "height": 56,
                "justifyContent": "center",
                "padding": 16,
                "width": 56,
              }
            }
          >
            <View
              style={
                Object {
                  "height": 56,
                  "marginHorizontal": 5,
                  "overflow": "hidden",
                  "padding": 16,
                  "width": 56,
                }
              }
            >
              <View>
                <View
                  style={
                    Object {
                      "alignItems": "center",
                      "backgroundColor": "transparent",
                      "justifyContent": "center",
                    }
                  }
                >
                  <Text />
                </View>
              </View>
            </View>
          </View>
        </View>
      </View>
    </View>
  </View>
</RCTSafeAreaView>
`;
